MIF/HEX Update report for skeleton
Mon Dec 06 02:32:43 2021
Quartus Prime Version 20.1.1 Build 720 11/11/2020 SJ Lite Edition


---------------------
; Table of Contents ;
---------------------
  1. Legal Notice
  2. MIF/HEX Update Summary
  3. MIF/HEX Update Processed Files
  4. MIF/HEX Update Messages



----------------
; Legal Notice ;
----------------
Copyright (C) 2020  Intel Corporation. All rights reserved.
Your use of Intel Corporation's design tools, logic functions 
and other software and tools, and any partner logic 
functions, and any output files from any of the foregoing 
(including device programming or simulation files), and any 
associated documentation or information are expressly subject 
to the terms and conditions of the Intel Program License 
Subscription Agreement, the Intel Quartus Prime License Agreement,
the Intel FPGA IP License Agreement, or other applicable license
agreement, including, without limitation, that your use is for
the sole purpose of programming logic devices manufactured by
Intel and sold by Intel or its authorized distributors.  Please
refer to the applicable agreement for further details, at
https://fpgasoftware.intel.com/eula.



+---------------------------------------------------------------+
; MIF/HEX Update Summary                                        ;
+-----------------------+---------------------------------------+
; MIF/HEX Update Status ; Successful - Mon Dec 06 02:32:43 2021 ;
; Revision Name         ; skeleton                              ;
; Top-level Entity Name ; skeleton                              ;
; Family                ; Cyclone IV E                          ;
; Device                ; EP4CE115F29C7                         ;
+-----------------------+---------------------------------------+


+----------------------------------------------------------------------------------------------------------------------------------------------------------------------+
; MIF/HEX Update Processed Files                                                                                                                                       ;
+----------------------------------------------------------------------------------------------------------------------------------------------------------------------+
; File Name                                                                                                                                                            ;
+----------------------------------------------------------------------------------------------------------------------------------------------------------------------+
; D:/semester_1/Fundamental of computer/project/Tetris-ac0d2d9502cf3a9f260fcbb8d90808e9518b398a/Tetris-ac0d2d9502cf3a9f260fcbb8d90808e9518b398a/Tetris/color_index.mif ;
; D:/semester_1/Fundamental of computer/project/Tetris-ac0d2d9502cf3a9f260fcbb8d90808e9518b398a/Tetris-ac0d2d9502cf3a9f260fcbb8d90808e9518b398a/Tetris/dmem.mif        ;
; D:/semester_1/Fundamental of computer/project/Tetris-ac0d2d9502cf3a9f260fcbb8d90808e9518b398a/Tetris-ac0d2d9502cf3a9f260fcbb8d90808e9518b398a/Tetris/imem.mif        ;
+----------------------------------------------------------------------------------------------------------------------------------------------------------------------+


+-------------------------+
; MIF/HEX Update Messages ;
+-------------------------+
Info: *******************************************************************
Info: Running Quartus Prime MIF/HEX Update
    Info: Version 20.1.1 Build 720 11/11/2020 SJ Lite Edition
    Info: Processing started: Mon Dec 06 02:32:40 2021
Info: Command: quartus_cdb Tetris -c skeleton --update_mif
Warning (18236): Number of processors has not been specified which may cause overloading on shared machines.  Set the global assignment NUM_PARALLEL_PROCESSORS in your QSF to an appropriate value for best performance.
Warning (39023): Can't find Memory Initialization File blocks.mif -- skipped updates for this file
Info (39024): Processed the following Memory Initialization File(s)
    Info (39025): Processed Memory Initialization File D:/semester_1/Fundamental of computer/project/Tetris-ac0d2d9502cf3a9f260fcbb8d90808e9518b398a/Tetris-ac0d2d9502cf3a9f260fcbb8d90808e9518b398a/Tetris/color_index.mif File: D:/semester_1/Fundamental of computer/project/Tetris-ac0d2d9502cf3a9f260fcbb8d90808e9518b398a/Tetris-ac0d2d9502cf3a9f260fcbb8d90808e9518b398a/Tetris/color_index.mif Line: 0
    Info (39025): Processed Memory Initialization File D:/semester_1/Fundamental of computer/project/Tetris-ac0d2d9502cf3a9f260fcbb8d90808e9518b398a/Tetris-ac0d2d9502cf3a9f260fcbb8d90808e9518b398a/Tetris/dmem.mif File: D:/semester_1/Fundamental of computer/project/Tetris-ac0d2d9502cf3a9f260fcbb8d90808e9518b398a/Tetris-ac0d2d9502cf3a9f260fcbb8d90808e9518b398a/Tetris/dmem.mif Line: 0
    Info (39025): Processed Memory Initialization File D:/semester_1/Fundamental of computer/project/Tetris-ac0d2d9502cf3a9f260fcbb8d90808e9518b398a/Tetris-ac0d2d9502cf3a9f260fcbb8d90808e9518b398a/Tetris/imem.mif File: D:/semester_1/Fundamental of computer/project/Tetris-ac0d2d9502cf3a9f260fcbb8d90808e9518b398a/Tetris-ac0d2d9502cf3a9f260fcbb8d90808e9518b398a/Tetris/imem.mif Line: 0
Info: Quartus Prime MIF/HEX Update was successful. 0 errors, 2 warnings
    Info: Peak virtual memory: 4787 megabytes
    Info: Processing ended: Mon Dec 06 02:32:43 2021
    Info: Elapsed time: 00:00:03
    Info: Total CPU time (on all processors): 00:00:02


